<a>
  foo1
</a>
<abbr>
</abbr>
<abbr>
</abbr>
<address>
</address>
<address>
</address>
<map name="foo2">
  <area>
</map>
<article>
</article>
<article>
</article>
<aside>
</aside>
<aside>
</aside>
<audio>
</audio>
<audio>
</audio>
<audio>
  <track src="track1">
  Fallback
</audio>
<b>
</b>
<b>
</b>
<bdi>
</bdi>
<bdi>
</bdi>
<bdo dir="ltr">
</bdo>
<bdo dir="ltr">
</bdo>
<blockquote>
</blockquote>
<button>
</button>
<canvas>
</canvas>
<canvas>
</canvas>
<cite>
</cite>
<cite>
</cite>
<code>
</code>
<code>
</code>
<del>
</del>
<del>
</del>
<details>
</details>
<dfn>
</dfn>
<dfn>
</dfn>
<div>
</div>
<dl>
  <dd>
  </dd>
  <dd>
  </dd>
  <dt>
  </dt>
  <dt>
  </dt>
</dl>
<dl>
</dl>
<em>
</em>
<em>
</em>
<embed>
<fieldset>
</fieldset>
<fieldset>
</fieldset>
<figure>
  <figcaption>
  </figcaption>
  <figcaption>
  </figcaption>
</figure>
<figure>
</figure>
<footer>
</footer>
<footer>
</footer>
<form>
</form>
<h1>
</h1>
<h1>
</h1>
<h2>
</h2>
<h2>
</h2>
<h3>
</h3>
<h3>
</h3>
<h4>
</h4>
<h4>
</h4>
<h5>
</h5>
<h5>
</h5>
<h6>
</h6>
<h6>
</h6>
<header>
</header>
<header>
</header>
<hr>
<html>
  <head>
    <base>
    <meta http-equiv="content-type"
          content="text/html; charset=utf-8">
    <meta http-equiv="default-stype"
          content="foo">
    <meta http-equiv="refresh"
          content="1">
    <meta name="application-name"
          content="foo">
    <meta name="author"
          content="Blob">
    <meta name="description"
          content="Functional programming.">
    <meta name="generator"
          content="foo">
    <meta name="keywords"
          content="math">
    <meta name="foo"
          content="bar">
    <meta property="foo"
          content="bar">
    <meta name="viewport"
          content="height=device-height">
    <script>
    </script>
    <script>
    </script>
    <script>
    </script>
    <style>
    </style>
    <style>
    </style>
  </head>
  <body>
  </body>
</html>
<i>
</i>
<i>
</i>
<img src="data:image/svg+xml;base64,deadbeef"
     alt>
<ins>
</ins>
<ins>
</ins>
<kbd>
</kbd>
<kbd>
</kbd>
<label>
</label>
<label>
</label>
<main>
</main>
<main>
</main>
<mark>
</mark>
<mark>
</mark>
<meter value="1.0">
</meter>
<meter value="2.0">
</meter>
<nav>
</nav>
<nav>
</nav>
<object>
  <param name="foo"
         value="bar">
</object>
<ol>
  <li>
  </li>
  <li>
  </li>
</ol>
<ol>
</ol>
<optgroup>
  <option>
    foo
  </option>
  <option>
    foo
  </option>
</optgroup>
<optgroup>
</optgroup>
<output>
</output>
<output>
</output>
<p>
</p>
<p>
</p>
<pre>
</pre>
<pre>
</pre>
<q>
</q>
<q>
</q>
<s>
</s>
<s>
</s>
<samp>
</samp>
<samp>
</samp>
<script>
</script>
<script>
</script>
<script>
</script>
<section>
</section>
<section>
</section>
<select>
</select>
<select>
</select>
<small>
</small>
<small>
</small>
<span>
</span>
<span>
</span>
<strong>
</strong>
<strong>
</strong>
<sub>
</sub>
<sub>
</sub>
<sup>
</sup>
<sup>
</sup>
<svg>
</svg>
<svg>
</svg>
<table>
  <caption>
  </caption>
  <caption>
  </caption>
  <colgroup>
    <col>
  </colgroup>
  <colgroup>
  </colgroup>
  <tbody>
  </tbody>
  <tbody>
  </tbody>
  <tfoot>
  </tfoot>
  <tfoot>
  </tfoot>
  <thead>
  </thead>
  <thead>
  </thead>
  <tr>
    <th>
    </th>
    <th>
    </th>
    <td>
    </td>
    <td>
    </td>
  </tr>
  <tr>
  </tr>
</table>
<textarea>
</textarea>
<time>
</time>
<u>
</u>
<u>
</u>
<ul>
  <li>
  </li>
  <li>
  </li>
</ul>
<ul>
</ul>
<var>
</var>
<var>
</var>
<video>
</video>
